// Jest Snapshot v1, https://goo.gl/fbAQLP

exports[`Father should renders 1`] = `
<div>
  <h1>
    Father
  </h1>
  <p>
    Father component
  </p>
  <Child />
</div>
`;
