// Jest Snapshot v1, https://goo.gl/fbAQLP

exports[`should renders loading state initially 1`] = `
<p>
  Loading...
</p>
`;
